


ARM Macro Assembler    Page 1 


    1 00000000                 AREA             ASCDSC,CODE,READONLY
    2 00000000         ENTRY
    3 00000000         START
    4 00000000 E3A01002        MOV              R1,#02
    5 00000004 E2411001        SUB              R1,R1,#01
    6 00000008 E1A04001 
                       OUTER   MOV              R4,R1
    7 0000000C E3A00902        LDR              R0,=0X00008000
    8 00000010 E5902000 
                       BACK    LDR              R2,[R0]
    9 00000014 E5B03004        LDR              R3,[R0,#04]!
   10 00000018 E1520003        CMP              R2,R3
   11 0000001C BA000001        BLT              NEXT
   12 00000020 E5802000        STR              R2,[R0]
   13 00000024 E5003004        STR              R3,[R0,#-04]
   14 00000028 E2544001 
                       NEXT    SUBS             R4,R4,#01
   15 0000002C 1AFFFFF5        BNE              OUTER
   16 00000030 EAFFFFFE 
                       AGAIN   B                AGAIN
   17 00000034         END
                       
Command Line: --debug --xref --cpu=ARM9E --bi --apcs=interwork --depend=.\ascds
c.d -o.\ascdsc.o -IC:\Keil\ARM\RV31\INC -IC:\Keil\ARM\CMSIS\Include --predefine
="__EVAL SETA 1" --list=.\ascdsc.lst ascdsc.asm



ARM Macro Assembler    Page 1 Alphabetic symbol ordering
Relocatable symbols

AGAIN 00000030

Symbol: AGAIN
   Definitions
      At line 16 in file ascdsc.asm
   Uses
      At line 16 in file ascdsc.asm
Comment: AGAIN used once
ASCDSC 00000000

Symbol: ASCDSC
   Definitions
      At line 1 in file ascdsc.asm
   Uses
      None
Comment: ASCDSC unused
BACK 00000010

Symbol: BACK
   Definitions
      At line 8 in file ascdsc.asm
   Uses
      None
Comment: BACK unused
END 00000034

Symbol: END
   Definitions
      At line 17 in file ascdsc.asm
   Uses
      None
Comment: END unused
ENTRY 00000000

Symbol: ENTRY
   Definitions
      At line 2 in file ascdsc.asm
   Uses
      None
Comment: ENTRY unused
NEXT 00000028

Symbol: NEXT
   Definitions
      At line 14 in file ascdsc.asm
   Uses
      At line 11 in file ascdsc.asm
Comment: NEXT used once
OUTER 00000008

Symbol: OUTER
   Definitions
      At line 6 in file ascdsc.asm
   Uses
      At line 15 in file ascdsc.asm
Comment: OUTER used once
START 00000000

Symbol: START



ARM Macro Assembler    Page 2 Alphabetic symbol ordering
Relocatable symbols

   Definitions
      At line 3 in file ascdsc.asm
   Uses
      None
Comment: START unused
8 symbols
339 symbols in table
