<!doctype html public "-//w3c//dtd html 4.0 transitional//en">
<html><head>
<title>Static Call Graph - [.\Arm_Thumb.axf]</title></head>
<body><HR>
<H1>Static Call Graph for image .\Arm_Thumb.axf</H1><HR>
<BR><P>#&#060CALLGRAPH&#062# ARM Linker, 5.03 [Build 76]: Last Updated: Fri May 07 14:44:39 2021
<BR><P>
<H3>Maximum Stack Usage =          0 bytes + Unknown(Functions without stacksize, Untraceable Function Pointers)</H3><H3>
Call chain for Maximum Stack Depth:</H3>

<P>
<H3>
Functions with no stack information
</H3><UL>
 <LI><a href="#[0]">thumb_code</a>
</UL>
</UL>
<P>
<H3>
Function Pointers
</H3><UL>
 <LI><a href="#[0]">thumb_code</a> from armthumb.o(ARMTHUMB) referenced from armthumb.o(ARMTHUMB)
</UL>
<P>
<H3>
Global Symbols
</H3><P>
<H3>
Local Symbols
</H3>
<P><STRONG><a name="[0]"></a>thumb_code</STRONG> (Thumb, 0 bytes, Stack size unknown bytes, armthumb.o(ARMTHUMB))
<BR>[Address Reference Count : 1]<UL><LI> armthumb.o(ARMTHUMB)
</UL><P>
<H3>
Undefined Global Symbols
</H3><HR></body></html>
